// Jest Snapshot v1, https://goo.gl/fbAQLP

exports[`renders empty preview component 1`] = `
<div
  className="sc-ifAKCX icCSRv sc-bxivhb fFwBCt"
  fill={false}
/>
`;

exports[`renders preview component with content 1`] = `
<div
  className="sc-ifAKCX icCSRv sc-bxivhb fFwBCt"
  fill={false}
/>
`;
